<!doctype html>
<html lang="en">
  <head>
    <script type="module">import { injectIntoGlobalHook } from "/@react-refresh";
injectIntoGlobalHook(window);
window.$RefreshReg$ = () => {};
window.$RefreshSig$ = () => (type) => type;</script>

    <script type="module" src="/@vite/client"></script>

    <meta charset="UTF-8" />
    <link rel="icon" type="image/svg+xml" href="/favicon.svg" />
    <meta name="viewport" content="width=device-width, initial-scale=1.0" />
    <title>wahala-sorter</title>
  </head>
  <body>
    <div id="root"></div>
    <script type="module" src="/src/main.tsx?t=1778760273980"></script>
  </body>
</html>
